// Jest Snapshot v1, https://goo.gl/fbAQLP

exports[`mediaQuery / mq with valid breakpoints snapshot test 1`] = `
.c0 {
  background-color: white;
  font-size: initial;
}

@media only screen and (min-width:576px) {
  .c0 {
    background-color: blue;
    padding: 0.25rem;
  }
}

@media only screen and (min-width:768px) and (max-width:1024px) {
  .c0 {
    background-color: green;
    padding: 0.5rem;
  }
}

@media (min-width:1200px) and (max-width:1400px) {
  .c0 {
    background-color: black;
    padding: 0.75rem;
  }
}

<div
  class="c0"
  data-testid="test-element"
/>
`;
